1136995542 772 tests/fixtures/cksum/lorem_ipsum.txt
