1136995542 772 tests/fixtures/cksum/lorem_ipsum.txt
2801993020 302 tests/fixtures/cksum/alice_in_wonderland.txt
